1234567890          
12345678901234567890
                    
#2345       
#234567890  
          doeke     
#234567890ab
