0. The super header selector (::before)      
1. First line                                
2. Second line                               
3. Third line                                
4. Fourth line                               
9. The super footer selector (::after)       
