012345678901234567
Dit is een test.  
Abc def ghijk lmn 
Testenderwijs bla.
Nog meer tekst is 
-Gaat dit goedkomâ€¦
+Jajaja, emojis 8<
*Een scene eindiðŸŽ¬
