# This is a title             
                              
> This is a quote.            
> Continuation of the quote.  
> Ending of the quote         
                              
Some more text.               
