#123456789012345678901234
# Testing the wrap rap is
 not crap rap            
int void(argv main, argc 
    return argc/int;     
}                        
