This line is shown            
This line is shown again      
So is this one                
