 Line 1   
  Line 2  
   Line   
    3     
    Li    
    ne    
     4    
Line 5    
 Line 6   
